
> @google/gemini-cli@0.1.16.1 start
> node scripts/start.js --openai --debug

Checking build status...
Build is up-to-date.
[DEBUG] CLI: Delegating hierarchical memory load to server for CWD: /Users/fanzhang/Documents/github/gemini-cli
[DEBUG] [MemoryDiscovery] Loading server hierarchical memory for CWD: /Users/fanzhang/Documents/github/gemini-cli
[DEBUG] [MemoryDiscovery] Searching for GEMINI.md starting from CWD: /Users/fanzhang/Documents/github/gemini-cli
[DEBUG] [MemoryDiscovery] User home directory: /Users/fanzhang
[DEBUG] [MemoryDiscovery] Global GEMINI.md not found or not readable: /Users/fanzhang/.gemini/GEMINI.md
[DEBUG] [MemoryDiscovery] Determined project root: /Users/fanzhang/Documents/github/gemini-cli
[DEBUG] [MemoryDiscovery] Checking for GEMINI.md in (upward scan): /Users/fanzhang/Documents/github/gemini-cli
[DEBUG] [MemoryDiscovery] Upward GEMINI.md not found or not readable in: /Users/fanzhang/Documents/github/gemini-cli
[DEBUG] [MemoryDiscovery] Checking for GEMINI.md in (upward scan): /Users/fanzhang/Documents/github
[DEBUG] [MemoryDiscovery] Upward GEMINI.md not found or not readable in: /Users/fanzhang/Documents/github
[DEBUG] [MemoryDiscovery] Reached ultimate stop directory for upward scan: /Users/fanzhang/Documents/github
[DEBUG] [BfsFileSearch] Scanning [1/200]: /Users/fanzhang/Documents/github/gemini-cli
[DEBUG] [BfsFileSearch] Scanning [2/200]: /Users/fanzhang/Documents/github/gemini-cli/.claude
[DEBUG] [BfsFileSearch] Scanning [3/200]: /Users/fanzhang/Documents/github/gemini-cli/.cursor
[DEBUG] [BfsFileSearch] Scanning [4/200]: /Users/fanzhang/Documents/github/gemini-cli/.gcp
[DEBUG] [BfsFileSearch] Scanning [5/200]: /Users/fanzhang/Documents/github/gemini-cli/.gemini
[DEBUG] [BfsFileSearch] Scanning [6/200]: /Users/fanzhang/Documents/github/gemini-cli/.github
[DEBUG] [BfsFileSearch] Scanning [7/200]: /Users/fanzhang/Documents/github/gemini-cli/.integration-tests
[DEBUG] [BfsFileSearch] Scanning [8/200]: /Users/fanzhang/Documents/github/gemini-cli/.kiro
[DEBUG] [BfsFileSearch] Scanning [9/200]: /Users/fanzhang/Documents/github/gemini-cli/.vscode
[DEBUG] [BfsFileSearch] Scanning [10/200]: /Users/fanzhang/Documents/github/gemini-cli/docs
[DEBUG] [BfsFileSearch] Scanning [11/200]: /Users/fanzhang/Documents/github/gemini-cli/eslint-rules
[DEBUG] [BfsFileSearch] Scanning [12/200]: /Users/fanzhang/Documents/github/gemini-cli/integration-tests
[DEBUG] [BfsFileSearch] Scanning [13/200]: /Users/fanzhang/Documents/github/gemini-cli/packages
[DEBUG] [BfsFileSearch] Scanning [14/200]: /Users/fanzhang/Documents/github/gemini-cli/scripts
[DEBUG] [BfsFileSearch] Scanning [15/200]: /Users/fanzhang/Documents/github/gemini-cli/.cursor/rules
[DEBUG] [BfsFileSearch] Scanning [16/200]: /Users/fanzhang/Documents/github/gemini-cli/.github/ISSUE_TEMPLATE
[DEBUG] [BfsFileSearch] Scanning [17/200]: /Users/fanzhang/Documents/github/gemini-cli/.kiro/specs
[DEBUG] [BfsFileSearch] Scanning [18/200]: /Users/fanzhang/Documents/github/gemini-cli/.kiro/steering
[DEBUG] [BfsFileSearch] Scanning [19/200]: /Users/fanzhang/Documents/github/gemini-cli/docs/assets
[DEBUG] [BfsFileSearch] Scanning [20/200]: /Users/fanzhang/Documents/github/gemini-cli/docs/cli
[DEBUG] [BfsFileSearch] Scanning [21/200]: /Users/fanzhang/Documents/github/gemini-cli/docs/core
[DEBUG] [BfsFileSearch] Scanning [22/200]: /Users/fanzhang/Documents/github/gemini-cli/docs/examples
[DEBUG] [BfsFileSearch] Scanning [23/200]: /Users/fanzhang/Documents/github/gemini-cli/docs/providers
[DEBUG] [BfsFileSearch] Scanning [24/200]: /Users/fanzhang/Documents/github/gemini-cli/docs/tools
[DEBUG] [BfsFileSearch] Scanning [25/200]: /Users/fanzhang/Documents/github/gemini-cli/packages/cli
[DEBUG] [BfsFileSearch] Scanning [26/200]: /Users/fanzhang/Documents/github/gemini-cli/packages/core
[DEBUG] [BfsFileSearch] Scanning [27/200]: /Users/fanzhang/Documents/github/gemini-cli/packages/server
[DEBUG] [BfsFileSearch] Scanning [28/200]: /Users/fanzhang/Documents/github/gemini-cli/scripts/tests
[DEBUG] [BfsFileSearch] Scanning [29/200]: /Users/fanzhang/Documents/github/gemini-cli/.kiro/specs/enhanced-cli-system
[DEBUG] [BfsFileSearch] Scanning [30/200]: /Users/fanzhang/Documents/github/gemini-cli/packages/cli/.gemini
[DEBUG] [BfsFileSearch] Scanning [31/200]: /Users/fanzhang/Documents/github/gemini-cli/packages/cli/coverage
[DEBUG] [BfsFileSearch] Scanning [32/200]: /Users/fanzhang/Documents/github/gemini-cli/packages/cli/packages
[DEBUG] [BfsFileSearch] Scanning [33/200]: /Users/fanzhang/Documents/github/gemini-cli/packages/cli/src
[DEBUG] [BfsFileSearch] Scanning [34/200]: /Users/fanzhang/Documents/github/gemini-cli/packages/core/src
[DEBUG] [BfsFileSearch] Scanning [35/200]: /Users/fanzhang/Documents/github/gemini-cli/packages/server/src
[DEBUG] [BfsFileSearch] Scanning [36/200]: /Users/fanzhang/Documents/github/gemini-cli/packages/cli/packages/cli
[DEBUG] [BfsFileSearch] Scanning [37/200]: /Users/fanzhang/Documents/github/gemini-cli/packages/cli/src/config
[DEBUG] [BfsFileSearch] Scanning [38/200]: /Users/fanzhang/Documents/github/gemini-cli/packages/cli/src/generated
[DEBUG] [BfsFileSearch] Scanning [39/200]: /Users/fanzhang/Documents/github/gemini-cli/packages/cli/src/services
[DEBUG] [BfsFileSearch] Scanning [40/200]: /Users/fanzhang/Documents/github/gemini-cli/packages/cli/src/test-utils
[DEBUG] [BfsFileSearch] Scanning [41/200]: /Users/fanzhang/Documents/github/gemini-cli/packages/cli/src/ui
[DEBUG] [BfsFileSearch] Scanning [42/200]: /Users/fanzhang/Documents/github/gemini-cli/packages/cli/src/utils
[DEBUG] [BfsFileSearch] Scanning [43/200]: /Users/fanzhang/Documents/github/gemini-cli/packages/core/src/__mocks__
[DEBUG] [BfsFileSearch] Scanning [44/200]: /Users/fanzhang/Documents/github/gemini-cli/packages/core/src/analysis
[DEBUG] [BfsFileSearch] Scanning [45/200]: /Users/fanzhang/Documents/github/gemini-cli/packages/core/src/code_assist
[DEBUG] [BfsFileSearch] Scanning [46/200]: /Users/fanzhang/Documents/github/gemini-cli/packages/core/src/config
[DEBUG] [BfsFileSearch] Scanning [47/200]: /Users/fanzhang/Documents/github/gemini-cli/packages/core/src/context
[DEBUG] [BfsFileSearch] Scanning [48/200]: /Users/fanzhang/Documents/github/gemini-cli/packages/core/src/core
[DEBUG] [BfsFileSearch] Scanning [49/200]: /Users/fanzhang/Documents/github/gemini-cli/packages/core/src/integration
[DEBUG] [BfsFileSearch] Scanning [50/200]: /Users/fanzhang/Documents/github/gemini-cli/packages/core/src/openai
[DEBUG] [BfsFileSearch] Scanning [51/200]: /Users/fanzhang/Documents/github/gemini-cli/packages/core/src/services
[DEBUG] [BfsFileSearch] Scanning [52/200]: /Users/fanzhang/Documents/github/gemini-cli/packages/core/src/system
[DEBUG] [BfsFileSearch] Scanning [53/200]: /Users/fanzhang/Documents/github/gemini-cli/packages/core/src/tasks
[DEBUG] [BfsFileSearch] Scanning [54/200]: /Users/fanzhang/Documents/github/gemini-cli/packages/core/src/telemetry
[DEBUG] [BfsFileSearch] Scanning [55/200]: /Users/fanzhang/Documents/github/gemini-cli/packages/core/src/tools
[DEBUG] [BfsFileSearch] Scanning [56/200]: /Users/fanzhang/Documents/github/gemini-cli/packages/core/src/utils
[DEBUG] [BfsFileSearch] Scanning [57/200]: /Users/fanzhang/Documents/github/gemini-cli/packages/server/src/tty
[DEBUG] [BfsFileSearch] Scanning [58/200]: /Users/fanzhang/Documents/github/gemini-cli/packages/cli/src/ui/commands
[DEBUG] [BfsFileSearch] Scanning [59/200]: /Users/fanzhang/Documents/github/gemini-cli/packages/cli/src/ui/components
[DEBUG] [BfsFileSearch] Scanning [60/200]: /Users/fanzhang/Documents/github/gemini-cli/packages/cli/src/ui/contexts
[DEBUG] [BfsFileSearch] Scanning [61/200]: /Users/fanzhang/Documents/github/gemini-cli/packages/cli/src/ui/editors
[DEBUG] [BfsFileSearch] Scanning [62/200]: /Users/fanzhang/Documents/github/gemini-cli/packages/cli/src/ui/hooks
[DEBUG] [BfsFileSearch] Scanning [63/200]: /Users/fanzhang/Documents/github/gemini-cli/packages/cli/src/ui/privacy
[DEBUG] [BfsFileSearch] Scanning [64/200]: /Users/fanzhang/Documents/github/gemini-cli/packages/cli/src/ui/themes
[DEBUG] [BfsFileSearch] Scanning [65/200]: /Users/fanzhang/Documents/github/gemini-cli/packages/cli/src/ui/utils
[DEBUG] [BfsFileSearch] Scanning [66/200]: /Users/fanzhang/Documents/github/gemini-cli/packages/core/src/__mocks__/fs
[DEBUG] [BfsFileSearch] Scanning [67/200]: /Users/fanzhang/Documents/github/gemini-cli/packages/core/src/context/interfaces
[DEBUG] [BfsFileSearch] Scanning [68/200]: /Users/fanzhang/Documents/github/gemini-cli/packages/core/src/context/providers
[DEBUG] [BfsFileSearch] Scanning [69/200]: /Users/fanzhang/Documents/github/gemini-cli/packages/core/src/context/refactored
[DEBUG] [BfsFileSearch] Scanning [70/200]: /Users/fanzhang/Documents/github/gemini-cli/packages/core/src/core/__snapshots__
[DEBUG] [BfsFileSearch] Scanning [71/200]: /Users/fanzhang/Documents/github/gemini-cli/packages/core/src/openai/context
[DEBUG] [BfsFileSearch] Scanning [72/200]: /Users/fanzhang/Documents/github/gemini-cli/packages/core/src/openai/conversation
[DEBUG] [BfsFileSearch] Scanning [73/200]: /Users/fanzhang/Documents/github/gemini-cli/packages/core/src/openai/debug
[DEBUG] [BfsFileSearch] Scanning [74/200]: /Users/fanzhang/Documents/github/gemini-cli/packages/core/src/openai/modules
[DEBUG] [BfsFileSearch] Scanning [75/200]: /Users/fanzhang/Documents/github/gemini-cli/packages/core/src/openai/parsers
[DEBUG] [BfsFileSearch] Scanning [76/200]: /Users/fanzhang/Documents/github/gemini-cli/packages/core/src/openai/performance
[DEBUG] [BfsFileSearch] Scanning [77/200]: /Users/fanzhang/Documents/github/gemini-cli/packages/core/src/openai/streaming
[DEBUG] [BfsFileSearch] Scanning [78/200]: /Users/fanzhang/Documents/github/gemini-cli/packages/core/src/openai/types
[DEBUG] [BfsFileSearch] Scanning [79/200]: /Users/fanzhang/Documents/github/gemini-cli/packages/core/src/openai/utils
[DEBUG] [BfsFileSearch] Scanning [80/200]: /Users/fanzhang/Documents/github/gemini-cli/packages/core/src/telemetry/clearcut-logger
[DEBUG] [BfsFileSearch] Scanning [81/200]: /Users/fanzhang/Documents/github/gemini-cli/packages/core/src/tools/guidance
[DEBUG] [BfsFileSearch] Scanning [82/200]: /Users/fanzhang/Documents/github/gemini-cli/packages/cli/src/ui/components/__snapshots__
[DEBUG] [BfsFileSearch] Scanning [83/200]: /Users/fanzhang/Documents/github/gemini-cli/packages/cli/src/ui/components/messages
[DEBUG] [BfsFileSearch] Scanning [84/200]: /Users/fanzhang/Documents/github/gemini-cli/packages/cli/src/ui/components/shared
[DEBUG] [BfsFileSearch] Scanning [85/200]: /Users/fanzhang/Documents/github/gemini-cli/packages/cli/src/ui/utils/__snapshots__
[DEBUG] [BfsFileSearch] Scanning [86/200]: /Users/fanzhang/Documents/github/gemini-cli/packages/core/src/context/providers/backup
[DEBUG] [BfsFileSearch] Scanning [87/200]: /Users/fanzhang/Documents/github/gemini-cli/packages/core/src/context/providers/extractor
[DEBUG] [BfsFileSearch] Scanning [88/200]: /Users/fanzhang/Documents/github/gemini-cli/packages/core/src/context/providers/graph
[DEBUG] [BfsFileSearch] Scanning [89/200]: /Users/fanzhang/Documents/github/gemini-cli/packages/core/src/context/providers/vector
[DEBUG] [BfsFileSearch] Scanning [90/200]: /Users/fanzhang/Documents/github/gemini-cli/packages/core/src/tools/guidance/strategies
[DEBUG] [BfsFileSearch] Scanning [91/200]: /Users/fanzhang/Documents/github/gemini-cli/packages/core/src/context/providers/extractor/tests
[DEBUG] [MemoryDiscovery] Found readable global memory storage: /Users/fanzhang/.gemini/memories/Memory.md
[DEBUG] [MemoryDiscovery] Project memory storage not found: /Users/fanzhang/Documents/github/gemini-cli/.gemini/memories/Memory.md
[DEBUG] [MemoryDiscovery] Final ordered GEMINI.md paths to read: ["/Users/fanzhang/.gemini/memories/Memory.md"]
[DEBUG] [MemoryDiscovery] Successfully read and processed imports: /Users/fanzhang/.gemini/memories/Memory.md (Length: 511)
[DEBUG] [MemoryDiscovery] Skipping memory storage file to avoid duplication: /Users/fanzhang/.gemini/memories/Memory.md
[DEBUG] [MemoryDiscovery] Combined instructions length: 0
[ContextManager] Global rules directory not found: /Users/fanzhang/.gemini/globalrules
[ContextManager] Project rules directory not found: /Users/fanzhang/Documents/github/gemini-cli/.gemini/localrules
[ContextManager] Loaded global memories
[ContextManager] Initialized with 0 global rules, 0 project rules, 1 global memories, 0 project memories
[ContextAgent] Starting initialization with smart RAG logic
[KnowledgeGraph] Loaded graph from /Users/fanzhang/.gemini/Projects/Users-fanzhang-Documents-github-gemini-cli/knowledge-graph/graphology/context_graph.json (11504 nodes, 47749 edges)
[ContextAgent] Overriding default vector provider 'none' with 'siliconflow' from config.
[ContextAgent] Using large project configuration for RAG system
[ContextAgent] Extractor: neo4j-graph-rag, Graph: neo4j, Vector: siliconflow
[ContextAgent] Failed to initialize RAG system: Error: SiliconFlow embedding provider is disabled. Please enable it in environment variables or use a different provider.
    at ContextProviderFactory.createVectorProvider (file:///Users/fanzhang/Documents/github/gemini-cli/packages/core/dist/src/context/providers/contextProviderFactory.js:64:19)
    at ContextAgent.initializeRAGSystem (file:///Users/fanzhang/Documents/github/gemini-cli/packages/core/dist/src/context/contextAgent.js:145:56)
    at ContextAgent.initialize (file:///Users/fanzhang/Documents/github/gemini-cli/packages/core/dist/src/context/contextAgent.js:84:28)
    at async Config.initialize (file:///Users/fanzhang/Documents/github/gemini-cli/packages/core/dist/src/config/config.js:223:9)
    at async main (file:///Users/fanzhang/Documents/github/gemini-cli/packages/cli/dist/src/gemini.js:110:5)
[Config] Initializing GeminiClient in OpenAI hijack mode
[Gemini Client] Initializing, OpenAI mode: true
[OpenAI Config] Loaded configuration from ~/.gemini/.env
[OpenAI Config] Provider: SILICONFLOW
[OpenAI Config] Base URL: https://api.siliconflow.cn/v1
[OpenAI Config] Model: Qwen/Qwen3-8B
[OpenAI Config] Final provider: SILICONFLOW
[OpenAI Config] Final config: {
  baseURL: 'https://api.siliconflow.cn/v1',
  model: 'Qwen/Qwen3-8B',
  temperature: 0.7,
  maxTokens: 4096
}
[DebugLoggerAdapter] Initializing debug logger for session: 2025-07-19-12-04-49
[OpenAIHijackAdapterRefactored] Initialized with 20 tools
[Gemini Client] OpenAI hijack adapter successfully created
[Gemini Client] OpenAI hijack mode initialized with model: Qwen/Qwen3-8B
[Gemini Client] Creating hijack mode chat instance
[DebugLogger] Initialized session directory: /Users/fanzhang/Documents/github/gemini-cli/.gemini/debug/sessions/2025-07-19-12-04-49
[DebugLoggerAdapter] ✅ Debug logger initialized successfully
[DEBUG] CLI: Delegating hierarchical memory load to server for CWD: /Users/fanzhang/Documents/github/gemini-cli
[DEBUG] [MemoryDiscovery] Loading server hierarchical memory for CWD: /Users/fanzhang/Documents/github/gemini-cli
[DEBUG] [MemoryDiscovery] Searching for GEMINI.md starting from CWD: /Users/fanzhang/Documents/github/gemini-cli
[DEBUG] [MemoryDiscovery] User home directory: /Users/fanzhang
[DEBUG] [MemoryDiscovery] Global GEMINI.md not found or not readable: /Users/fanzhang/.gemini/GEMINI.md
[DEBUG] [MemoryDiscovery] Determined project root: /Users/fanzhang/Documents/github/gemini-cli
[DEBUG] [MemoryDiscovery] Checking for GEMINI.md in (upward scan): /Users/fanzhang/Documents/github/gemini-cli
[DEBUG] [MemoryDiscovery] Upward GEMINI.md not found or not readable in: /Users/fanzhang/Documents/github/gemini-cli
[DEBUG] [MemoryDiscovery] Checking for GEMINI.md in (upward scan): /Users/fanzhang/Documents/github
[DEBUG] [MemoryDiscovery] Upward GEMINI.md not found or not readable in: /Users/fanzhang/Documents/github
[DEBUG] [MemoryDiscovery] Reached ultimate stop directory for upward scan: /Users/fanzhang/Documents/github
[DEBUG] [BfsFileSearch] Scanning [1/200]: /Users/fanzhang/Documents/github/gemini-cli
[DEBUG] [BfsFileSearch] Scanning [2/200]: /Users/fanzhang/Documents/github/gemini-cli/.claude
[DEBUG] [BfsFileSearch] Scanning [3/200]: /Users/fanzhang/Documents/github/gemini-cli/.cursor
[DEBUG] [BfsFileSearch] Scanning [4/200]: /Users/fanzhang/Documents/github/gemini-cli/.gcp
[DEBUG] [BfsFileSearch] Scanning [5/200]: /Users/fanzhang/Documents/github/gemini-cli/.gemini
[DEBUG] [BfsFileSearch] Scanning [6/200]: /Users/fanzhang/Documents/github/gemini-cli/.github
[DEBUG] [BfsFileSearch] Scanning [7/200]: /Users/fanzhang/Documents/github/gemini-cli/.integration-tests
[DEBUG] [BfsFileSearch] Scanning [8/200]: /Users/fanzhang/Documents/github/gemini-cli/.kiro
[DEBUG] [BfsFileSearch] Scanning [9/200]: /Users/fanzhang/Documents/github/gemini-cli/.vscode
[DEBUG] [BfsFileSearch] Scanning [10/200]: /Users/fanzhang/Documents/github/gemini-cli/docs
[DEBUG] [BfsFileSearch] Scanning [11/200]: /Users/fanzhang/Documents/github/gemini-cli/eslint-rules
[DEBUG] [BfsFileSearch] Scanning [12/200]: /Users/fanzhang/Documents/github/gemini-cli/integration-tests
[DEBUG] [BfsFileSearch] Scanning [13/200]: /Users/fanzhang/Documents/github/gemini-cli/packages
[DEBUG] [BfsFileSearch] Scanning [14/200]: /Users/fanzhang/Documents/github/gemini-cli/scripts
[DEBUG] [BfsFileSearch] Scanning [15/200]: /Users/fanzhang/Documents/github/gemini-cli/.cursor/rules
[DEBUG] [BfsFileSearch] Scanning [16/200]: /Users/fanzhang/Documents/github/gemini-cli/.github/ISSUE_TEMPLATE
[DEBUG] [BfsFileSearch] Scanning [17/200]: /Users/fanzhang/Documents/github/gemini-cli/.kiro/specs
[DEBUG] [BfsFileSearch] Scanning [18/200]: /Users/fanzhang/Documents/github/gemini-cli/.kiro/steering
[DEBUG] [BfsFileSearch] Scanning [19/200]: /Users/fanzhang/Documents/github/gemini-cli/docs/assets
[DEBUG] [BfsFileSearch] Scanning [20/200]: /Users/fanzhang/Documents/github/gemini-cli/docs/cli
[DEBUG] [BfsFileSearch] Scanning [21/200]: /Users/fanzhang/Documents/github/gemini-cli/docs/core
[DEBUG] [BfsFileSearch] Scanning [22/200]: /Users/fanzhang/Documents/github/gemini-cli/docs/examples
[DEBUG] [BfsFileSearch] Scanning [23/200]: /Users/fanzhang/Documents/github/gemini-cli/docs/providers
[DEBUG] [BfsFileSearch] Scanning [24/200]: /Users/fanzhang/Documents/github/gemini-cli/docs/tools
[DEBUG] [BfsFileSearch] Scanning [25/200]: /Users/fanzhang/Documents/github/gemini-cli/packages/cli
[DEBUG] [BfsFileSearch] Scanning [26/200]: /Users/fanzhang/Documents/github/gemini-cli/packages/core
[DEBUG] [BfsFileSearch] Scanning [27/200]: /Users/fanzhang/Documents/github/gemini-cli/packages/server
[DEBUG] [BfsFileSearch] Scanning [28/200]: /Users/fanzhang/Documents/github/gemini-cli/scripts/tests
[DEBUG] [BfsFileSearch] Scanning [29/200]: /Users/fanzhang/Documents/github/gemini-cli/.kiro/specs/enhanced-cli-system
[DEBUG] [BfsFileSearch] Scanning [30/200]: /Users/fanzhang/Documents/github/gemini-cli/packages/cli/.gemini
[DEBUG] [BfsFileSearch] Scanning [31/200]: /Users/fanzhang/Documents/github/gemini-cli/packages/cli/coverage
[DEBUG] [BfsFileSearch] Scanning [32/200]: /Users/fanzhang/Documents/github/gemini-cli/packages/cli/packages
[DEBUG] [BfsFileSearch] Scanning [33/200]: /Users/fanzhang/Documents/github/gemini-cli/packages/cli/src
[DEBUG] [BfsFileSearch] Scanning [34/200]: /Users/fanzhang/Documents/github/gemini-cli/packages/core/src
[DEBUG] [BfsFileSearch] Scanning [35/200]: /Users/fanzhang/Documents/github/gemini-cli/packages/server/src
[DEBUG] [BfsFileSearch] Scanning [36/200]: /Users/fanzhang/Documents/github/gemini-cli/packages/cli/packages/cli
[DEBUG] [BfsFileSearch] Scanning [37/200]: /Users/fanzhang/Documents/github/gemini-cli/packages/cli/src/config
[DEBUG] [BfsFileSearch] Scanning [38/200]: /Users/fanzhang/Documents/github/gemini-cli/packages/cli/src/generated
[DEBUG] [BfsFileSearch] Scanning [39/200]: /Users/fanzhang/Documents/github/gemini-cli/packages/cli/src/services
[DEBUG] [BfsFileSearch] Scanning [40/200]: /Users/fanzhang/Documents/github/gemini-cli/packages/cli/src/test-utils
[DEBUG] [BfsFileSearch] Scanning [41/200]: /Users/fanzhang/Documents/github/gemini-cli/packages/cli/src/ui
[DEBUG] [BfsFileSearch] Scanning [42/200]: /Users/fanzhang/Documents/github/gemini-cli/packages/cli/src/utils
[DEBUG] [BfsFileSearch] Scanning [43/200]: /Users/fanzhang/Documents/github/gemini-cli/packages/core/src/__mocks__
[DEBUG] [BfsFileSearch] Scanning [44/200]: /Users/fanzhang/Documents/github/gemini-cli/packages/core/src/analysis
[DEBUG] [BfsFileSearch] Scanning [45/200]: /Users/fanzhang/Documents/github/gemini-cli/packages/core/src/code_assist
[DEBUG] [BfsFileSearch] Scanning [46/200]: /Users/fanzhang/Documents/github/gemini-cli/packages/core/src/config
[DEBUG] [BfsFileSearch] Scanning [47/200]: /Users/fanzhang/Documents/github/gemini-cli/packages/core/src/context
[DEBUG] [BfsFileSearch] Scanning [48/200]: /Users/fanzhang/Documents/github/gemini-cli/packages/core/src/core
[DEBUG] [BfsFileSearch] Scanning [49/200]: /Users/fanzhang/Documents/github/gemini-cli/packages/core/src/integration
[DEBUG] [BfsFileSearch] Scanning [50/200]: /Users/fanzhang/Documents/github/gemini-cli/packages/core/src/openai
[DEBUG] [BfsFileSearch] Scanning [51/200]: /Users/fanzhang/Documents/github/gemini-cli/packages/core/src/services
[DEBUG] [BfsFileSearch] Scanning [52/200]: /Users/fanzhang/Documents/github/gemini-cli/packages/core/src/system
[DEBUG] [BfsFileSearch] Scanning [53/200]: /Users/fanzhang/Documents/github/gemini-cli/packages/core/src/tasks
[DEBUG] [BfsFileSearch] Scanning [54/200]: /Users/fanzhang/Documents/github/gemini-cli/packages/core/src/telemetry
[DEBUG] [BfsFileSearch] Scanning [55/200]: /Users/fanzhang/Documents/github/gemini-cli/packages/core/src/tools
[DEBUG] [BfsFileSearch] Scanning [56/200]: /Users/fanzhang/Documents/github/gemini-cli/packages/core/src/utils
[DEBUG] [BfsFileSearch] Scanning [57/200]: /Users/fanzhang/Documents/github/gemini-cli/packages/server/src/tty
[DEBUG] [BfsFileSearch] Scanning [58/200]: /Users/fanzhang/Documents/github/gemini-cli/packages/cli/src/ui/commands
[DEBUG] [BfsFileSearch] Scanning [59/200]: /Users/fanzhang/Documents/github/gemini-cli/packages/cli/src/ui/components
[DEBUG] [BfsFileSearch] Scanning [60/200]: /Users/fanzhang/Documents/github/gemini-cli/packages/cli/src/ui/contexts
[DEBUG] [BfsFileSearch] Scanning [61/200]: /Users/fanzhang/Documents/github/gemini-cli/packages/cli/src/ui/editors
[DEBUG] [BfsFileSearch] Scanning [62/200]: /Users/fanzhang/Documents/github/gemini-cli/packages/cli/src/ui/hooks
[DEBUG] [BfsFileSearch] Scanning [63/200]: /Users/fanzhang/Documents/github/gemini-cli/packages/cli/src/ui/privacy
[DEBUG] [BfsFileSearch] Scanning [64/200]: /Users/fanzhang/Documents/github/gemini-cli/packages/cli/src/ui/themes
[DEBUG] [BfsFileSearch] Scanning [65/200]: /Users/fanzhang/Documents/github/gemini-cli/packages/cli/src/ui/utils
[DEBUG] [BfsFileSearch] Scanning [66/200]: /Users/fanzhang/Documents/github/gemini-cli/packages/core/src/__mocks__/fs
[DEBUG] [BfsFileSearch] Scanning [67/200]: /Users/fanzhang/Documents/github/gemini-cli/packages/core/src/context/interfaces
[DEBUG] [BfsFileSearch] Scanning [68/200]: /Users/fanzhang/Documents/github/gemini-cli/packages/core/src/context/providers
[DEBUG] [BfsFileSearch] Scanning [69/200]: /Users/fanzhang/Documents/github/gemini-cli/packages/core/src/context/refactored
[DEBUG] [BfsFileSearch] Scanning [70/200]: /Users/fanzhang/Documents/github/gemini-cli/packages/core/src/core/__snapshots__
[DEBUG] [BfsFileSearch] Scanning [71/200]: /Users/fanzhang/Documents/github/gemini-cli/packages/core/src/openai/context
[DEBUG] [BfsFileSearch] Scanning [72/200]: /Users/fanzhang/Documents/github/gemini-cli/packages/core/src/openai/conversation
[DEBUG] [BfsFileSearch] Scanning [73/200]: /Users/fanzhang/Documents/github/gemini-cli/packages/core/src/openai/debug
[DEBUG] [BfsFileSearch] Scanning [74/200]: /Users/fanzhang/Documents/github/gemini-cli/packages/core/src/openai/modules
[DEBUG] [BfsFileSearch] Scanning [75/200]: /Users/fanzhang/Documents/github/gemini-cli/packages/core/src/openai/parsers
[DEBUG] [BfsFileSearch] Scanning [76/200]: /Users/fanzhang/Documents/github/gemini-cli/packages/core/src/openai/performance
[DEBUG] [BfsFileSearch] Scanning [77/200]: /Users/fanzhang/Documents/github/gemini-cli/packages/core/src/openai/streaming
[DEBUG] [BfsFileSearch] Scanning [78/200]: /Users/fanzhang/Documents/github/gemini-cli/packages/core/src/openai/types
[DEBUG] [BfsFileSearch] Scanning [79/200]: /Users/fanzhang/Documents/github/gemini-cli/packages/core/src/openai/utils
[DEBUG] [BfsFileSearch] Scanning [80/200]: /Users/fanzhang/Documents/github/gemini-cli/packages/core/src/telemetry/clearcut-logger
[DEBUG] [BfsFileSearch] Scanning [81/200]: /Users/fanzhang/Documents/github/gemini-cli/packages/core/src/tools/guidance
[DEBUG] [BfsFileSearch] Scanning [82/200]: /Users/fanzhang/Documents/github/gemini-cli/packages/cli/src/ui/components/__snapshots__
[DEBUG] [BfsFileSearch] Scanning [83/200]: /Users/fanzhang/Documents/github/gemini-cli/packages/cli/src/ui/components/messages
[DEBUG] [BfsFileSearch] Scanning [84/200]: /Users/fanzhang/Documents/github/gemini-cli/packages/cli/src/ui/components/shared
[DEBUG] [BfsFileSearch] Scanning [85/200]: /Users/fanzhang/Documents/github/gemini-cli/packages/cli/src/ui/utils/__snapshots__
[DEBUG] [BfsFileSearch] Scanning [86/200]: /Users/fanzhang/Documents/github/gemini-cli/packages/core/src/context/providers/backup
[DEBUG] [BfsFileSearch] Scanning [87/200]: /Users/fanzhang/Documents/github/gemini-cli/packages/core/src/context/providers/extractor
[DEBUG] [BfsFileSearch] Scanning [88/200]: /Users/fanzhang/Documents/github/gemini-cli/packages/core/src/context/providers/graph
[DEBUG] [BfsFileSearch] Scanning [89/200]: /Users/fanzhang/Documents/github/gemini-cli/packages/core/src/context/providers/vector
[DEBUG] [BfsFileSearch] Scanning [90/200]: /Users/fanzhang/Documents/github/gemini-cli/packages/core/src/tools/guidance/strategies
[DEBUG] [BfsFileSearch] Scanning [91/200]: /Users/fanzhang/Documents/github/gemini-cli/packages/core/src/context/providers/extractor/tests
[DEBUG] [MemoryDiscovery] Found readable global memory storage: /Users/fanzhang/.gemini/memories/Memory.md
[DEBUG] [MemoryDiscovery] Project memory storage not found: /Users/fanzhang/Documents/github/gemini-cli/.gemini/memories/Memory.md
[DEBUG] [MemoryDiscovery] Final ordered GEMINI.md paths to read: ["/Users/fanzhang/.gemini/memories/Memory.md"]
[DEBUG] [MemoryDiscovery] Successfully read and processed imports: /Users/fanzhang/.gemini/memories/Memory.md (Length: 511)
[DEBUG] [MemoryDiscovery] Skipping memory storage file to avoid duplication: /Users/fanzhang/.gemini/memories/Memory.md
[DEBUG] [MemoryDiscovery] Combined instructions length: 0
[ContextManager] Global rules directory not found: /Users/fanzhang/.gemini/globalrules
[ContextManager] Project rules directory not found: /Users/fanzhang/Documents/github/gemini-cli/.gemini/localrules
[ContextManager] Loaded global memories
[ContextManager] Initialized with 0 global rules, 0 project rules, 1 global memories, 0 project memories
[ContextAgent] Starting initialization with smart RAG logic
[KnowledgeGraph] Loaded graph from /Users/fanzhang/.gemini/Projects/Users-fanzhang-Documents-github-gemini-cli/knowledge-graph/graphology/context_graph.json (11504 nodes, 47749 edges)
[ContextAgent] Overriding default vector provider 'none' with 'siliconflow' from config.
[ContextAgent] Using large project configuration for RAG system
[ContextAgent] Extractor: neo4j-graph-rag, Graph: neo4j, Vector: siliconflow
[ContextAgent] Failed to initialize RAG system: Error: SiliconFlow embedding provider is disabled. Please enable it in environment variables or use a different provider.
    at ContextProviderFactory.createVectorProvider (file:///Users/fanzhang/Documents/github/gemini-cli/packages/core/dist/src/context/providers/contextProviderFactory.js:64:19)
    at ContextAgent.initializeRAGSystem (file:///Users/fanzhang/Documents/github/gemini-cli/packages/core/dist/src/context/contextAgent.js:145:56)
    at ContextAgent.initialize (file:///Users/fanzhang/Documents/github/gemini-cli/packages/core/dist/src/context/contextAgent.js:84:28)
    at async Config.initialize (file:///Users/fanzhang/Documents/github/gemini-cli/packages/core/dist/src/config/config.js:223:9)
    at async loadNonInteractiveConfig (file:///Users/fanzhang/Documents/github/gemini-cli/packages/cli/dist/src/gemini.js:243:9)
    at async main (file:///Users/fanzhang/Documents/github/gemini-cli/packages/cli/dist/src/gemini.js:195:34)
[ContextManager] Global rules directory not found: /Users/fanzhang/.gemini/globalrules
[ContextManager] Project rules directory not found: /Users/fanzhang/Documents/github/gemini-cli/.gemini/localrules
[ContextManager] Loaded global memories
[ContextManager] Initialized with 0 global rules, 0 project rules, 1 global memories, 0 project memories
[ContextAgent] Starting initialization with smart RAG logic
[KnowledgeGraph] Loaded graph from /Users/fanzhang/.gemini/Projects/Users-fanzhang-Documents-github-gemini-cli/knowledge-graph/graphology/context_graph.json (11504 nodes, 47749 edges)
[ContextAgent] Overriding default vector provider 'none' with 'siliconflow' from config.
[ContextAgent] Using large project configuration for RAG system
[ContextAgent] Extractor: neo4j-graph-rag, Graph: neo4j, Vector: siliconflow
[ContextAgent] Failed to initialize RAG system: Error: SiliconFlow embedding provider is disabled. Please enable it in environment variables or use a different provider.
    at ContextProviderFactory.createVectorProvider (file:///Users/fanzhang/Documents/github/gemini-cli/packages/core/dist/src/context/providers/contextProviderFactory.js:64:19)
    at ContextAgent.initializeRAGSystem (file:///Users/fanzhang/Documents/github/gemini-cli/packages/core/dist/src/context/contextAgent.js:145:56)
    at ContextAgent.initialize (file:///Users/fanzhang/Documents/github/gemini-cli/packages/core/dist/src/context/contextAgent.js:84:28)
    at async Config.initialize (file:///Users/fanzhang/Documents/github/gemini-cli/packages/core/dist/src/config/config.js:223:9)
    at async runNonInteractive (file:///Users/fanzhang/Documents/github/gemini-cli/packages/cli/dist/src/nonInteractiveCli.js:28:5)
    at async main (file:///Users/fanzhang/Documents/github/gemini-cli/packages/cli/dist/src/gemini.js:196:5)
An unexpected critical error occurred:
Error: GeminiClient not initialized. Call refreshAuth() first.
    at Config.getGeminiClient (file:///Users/fanzhang/Documents/github/gemini-cli/packages/core/dist/src/config/config.js:401:19)
    at runNonInteractive (file:///Users/fanzhang/Documents/github/gemini-cli/packages/cli/dist/src/nonInteractiveCli.js:36:33)
    at async main (file:///Users/fanzhang/Documents/github/gemini-cli/packages/cli/dist/src/gemini.js:196:5)
